---
source: crates/gt-ionex/src/reference.rs
expression: IONOSPHERIC_TEC.to_string()
---
Ionospheric TEC and GNSS

The ionosphere is ionized by solar radiation: during the day, Sun radiation ionizes neutral atoms, producing free electrons and ions, and at night the recombination process prevails.[^navipedia-iono]

[TEC], the total electron content, counts those electrons along the signal path. Along one satellite's ray that count is the slant total electron content, [STEC].[^navipedia-iono]

Equation slant_tec
STEC = integral of N_e along the signal path

One [TECU] is 10¹⁶ electrons per square metre.[^navipedia-iono] A [GNSS] code measurement is delayed in proportion, at the coefficient below.[^navipedia-iono]

Equation delay_coefficient
alpha_f = 40.3e16 / f^2 metres per TECU

The [TEC], and thence, the ionospheric refraction, depends on the geographical location of the receiver, the hour of day and the solar activity.[^navipedia-iono] The delay can reach 10 to 20 m.[^navipedia-iono]

Dual-frequency receivers remove almost all of this error by combining the two frequencies. Single-frequency receivers carry whatever their broadcast correction model misses.[^navipedia-iono]

A receiver never measures range alone. Each pseudorange is the geometric range plus the receiver clock offset times c, plus the propagation terms. With four or more satellites, the receiver solves jointly for four unknowns: the coordinates (x, y, z) and the receiver clock offset.[^navipedia-code]

Equation pseudorange
R = rho + c (dt - dt^s) + T + alpha_f I + TGD + M + epsilon

A delay that is identical on every pseudorange is algebraically indistinguishable from a larger clock offset. The position estimate is unchanged. Only the part of the ionospheric delay that differs between satellites displaces the position: each ray crosses a different slice of ionosphere, a low satellite through more of it than one overhead. That differential error is scaled by the satellite geometry.[^navipedia-pos]

The delay component common to all satellites is attributed to the receiver clock offset estimate. Positioning accuracy is therefore preserved, while the receiver's time estimate carries the error.

During geomagnetic storms the ionospheric density develops strong horizontal variations that modify the path of radio signals and create errors in the positioning information provided by [GNSS].[^noaa-storms] The reference material on geomagnetic activity covers the storm mechanism.

During the geomagnetic storm of 10 to 12 May 2024 the archived maps peak above 175 [TECU]. At 0.16 m per [TECU] an [L1]-only receiver carried roughly 28 m of uncorrected delay.[^guardian]

Illustration tec_map_2024_05_10_gannon_storm (10 May 2024, 22:00 UTC)
Global [TEC] during the Gannon storm of May 2024, as archived by GeoTrace.[^jpl]

Storm studies quantify the ionospheric response as the deviation of [TEC] from its quiet-time level, the median over the same location and time of day, and place typical quiet-time variation at around 40 % either way from that median.[^storm-2017] The planetary ionospheric storm index takes the quiet reference as the median of the 27 days before the day observed and grades the logarithmic deviation from quiet through moderate disturbance to moderate and intense storm.[^iono-storm-index] GeoTrace's environment warning uses that index: it warns from the moderate-storm grade, a deviation of more than 43 % above or 30 % below the 27-day median.[^iono-storm-index][^w-index-thresholds]

The index compares each [TEC] value with the median of the same hour of day over the 27 days before it, the quiet-time reference.[^iono-storm-index] The comparison is per hour because [TEC] over one place follows a daily cycle: it rises after sunrise, peaks in the afternoon and falls through the night. A storm is a departure from that median: [TEC] above it in the positive phase, below it in the negative phase.[^iono-storm-index]

Illustration tec_plot_2024_05_gannon_storm (6 to 13 May 2024, grid node 40 N, 100 W)
Vertical [TEC] over mid-latitude North America across the Gannon storm, from the maps GeoTrace archived, with the quiet-time median of each epoch dashed.[^jpl] The days before the storm track that median. Late on 10 May the [TEC] reaches 88 [TECU] against a median of 48, and through 11 and 12 May it stays far below it, down to 14 [TECU] against a median of 50.

What the index grades is DTEC, the base-10 logarithm of the value over its quiet-time median, and its sign is what tells the two phases apart.[^iono-storm-index] Either phase develops the horizontal variations that displace a [GNSS] position.[^noaa-storms] At the node above, the deepest deviation of the whole event is the depletion through 11 May, not the enhancement that preceded it.

Planetary ionospheric storm index: the grade of one deviation[^w-index-thresholds]
Grade | DTEC | Share of the median | W | GeoTrace warns
Quiet | up to 0.046 | up to 11 % above or 10 % below | ±1 | no
Moderate disturbance | over 0.046, up to 0.155 | 11 to 43 % above or 10 to 30 % below | ±2 | no
Moderate ionospheric storm | over 0.155, up to 0.301 | 43 to 100 % above or 30 to 50 % below | ±3 | yes
Intense ionospheric storm | over 0.301 | over 100 % above or over 50 % below | ±4 | yes

A grade reports how far the ionosphere stood from its own recent level, not how high the [TEC] was in absolute terms: the reference it is measured against is the median of the days before. The published planetary index reduces each map by the solar zenith angle and averages the extremes across latitudes into a single number for the globe.[^iono-storm-index] GeoTrace applies the same thresholds to one grid node and one time of day, which is what a recording was made under: it reads each fix's own node and map epoch, takes the median of the 27 archived days before that day at the same time, and warns from the moderate-storm grade. The warning states the deviation it found and the share the grade begins at.

The fixes recorded under elevated [TEC]:
points | where tec > 100

The same fixes narrowed to those that also show more than two cycle slips per minute:
points | with mask 15 deg, snr_drop 10, slip_window 5 min | where tec > 100 and slip_all > 2 per min

Sources
1. Navipedia: Ionospheric Delay (Sanz Subirana, Juan Zornoza and Hernandez-Pajares, UPC/ESA) (https://gssc.esa.int/navipedia/index.php/Ionospheric_Delay)
2. Navipedia: Code Based Positioning (SPS) (https://gssc.esa.int/navipedia/index.php/Code_Based_Positioning_(SPS))
3. Navipedia: Positioning Error (https://gssc.esa.int/navipedia/index.php/Positioning_Error)
4. NOAA SWPC Geomagnetic Storms (https://www.spaceweather.gov/phenomena/geomagnetic-storms)
5. JPL GUARDIAN Gannon example (https://guardian.jpl.nasa.gov/examples/20240513_gannon/)
6. NASA JPL ionosphere products (https://sideshow.jpl.nasa.gov)
7. TEC disturbances caused by CME-triggered geomagnetic storm of September 6 to 9, 2017 (Uga, Gautam and Seba, Heliyon 10, 2024) (https://doi.org/10.1016/j.heliyon.2024.e30725)
8. Derivation of a planetary ionospheric storm index (Gulyaeva and Stanislawska, Annales Geophysicae 26, 2008) (https://doi.org/10.5194/angeo-26-2645-2008)
9. Ionospheric weather: cloning missed foF2 observations for derivation of variability index (Gulyaeva, Stanislawska and Tomasik, Annales Geophysicae 26, 2008) (https://doi.org/10.5194/angeo-26-315-2008)
