---
source: crates/gt-icon-tessellate/src/tessellate.rs
expression: mesh_stats(&tess)
---
bucket    4: vertices    40, triangles    32, fringe vertices    12, bbox [-1.33 -1.33 1.33 1.33]
bucket    6: vertices    64, triangles    56, fringe vertices    20, bbox [-1.22 -1.22 1.22 1.22]
bucket    8: vertices    64, triangles    56, fringe vertices    20, bbox [-1.06 -1.06 1.06 1.06]
bucket   12: vertices    64, triangles    56, fringe vertices    20, bbox [-1.02 -1.02 1.02 1.02]
bucket   16: vertices    64, triangles    56, fringe vertices    20, bbox [-0.99 -0.99 0.99 0.99]
bucket   24: vertices   112, triangles   104, fringe vertices    36, bbox [-0.97 -0.97 0.97 0.97]
bucket   32: vertices   112, triangles   104, fringe vertices    36, bbox [-0.96 -0.96 0.96 0.96]
bucket   48: vertices   112, triangles   104, fringe vertices    36, bbox [-0.95 -0.95 0.95 0.95]
bucket   64: vertices   112, triangles   104, fringe vertices    36, bbox [-0.94 -0.94 0.94 0.94]
