---
source: crates/gt-icon-tessellate/src/tessellate.rs
expression: mesh_stats(&tess)
---
bucket    4: vertices   134, triangles   126, fringe vertices    44, bbox [-1.52 -1.39 1.69 1.73]
bucket    6: vertices   134, triangles   126, fringe vertices    44, bbox [-1.29 -1.22 1.40 1.50]
bucket    8: vertices   134, triangles   126, fringe vertices    44, bbox [-1.17 -1.13 1.26 1.38]
bucket   12: vertices   182, triangles   174, fringe vertices    60, bbox [-1.06 -1.04 1.09 1.17]
bucket   16: vertices   218, triangles   210, fringe vertices    72, bbox [-1.00 -1.00 1.02 1.15]
bucket   24: vertices   218, triangles   210, fringe vertices    72, bbox [-0.91 -0.93 0.92 1.13]
bucket   32: vertices   278, triangles   270, fringe vertices    92, bbox [-0.90 -0.92 0.90 1.12]
bucket   48: vertices   350, triangles   342, fringe vertices   116, bbox [-0.88 -0.91 0.89 1.10]
bucket   64: vertices   386, triangles   378, fringe vertices   128, bbox [-0.88 -0.91 0.88 1.10]
