---
source: crates/gt-icon-tessellate/src/tessellate.rs
expression: mesh_stats(&tess)
---
bucket    4: vertices   136, triangles   196, fringe vertices    68, bbox [-1.27 -1.35 1.27 1.27]
bucket    6: vertices   136, triangles   196, fringe vertices    68, bbox [-1.09 -1.11 1.09 1.09]
bucket    8: vertices   152, triangles   220, fringe vertices    76, bbox [-1.00 -1.00 1.00 1.00]
bucket   12: vertices   184, triangles   268, fringe vertices    92, bbox [-0.85 -0.85 0.85 0.85]
bucket   16: vertices   184, triangles   268, fringe vertices    92, bbox [-0.83 -0.83 0.83 0.83]
bucket   24: vertices   216, triangles   316, fringe vertices   108, bbox [-0.81 -0.81 0.81 0.81]
bucket   32: vertices   248, triangles   364, fringe vertices   124, bbox [-0.80 -0.80 0.80 0.80]
bucket   48: vertices   280, triangles   412, fringe vertices   140, bbox [-0.79 -0.79 0.79 0.79]
bucket   64: vertices   280, triangles   412, fringe vertices   140, bbox [-0.78 -0.78 0.78 0.78]
