---
source: crates/gt-icon-tessellate/src/tessellate.rs
expression: mesh_stats(&tess)
---
bucket    4: vertices     8, triangles    10, fringe vertices     4, bbox [-0.82 -1.50 0.82 0.79]
bucket    6: vertices     8, triangles    10, fringe vertices     4, bbox [-0.71 -1.33 0.71 0.66]
bucket    8: vertices     8, triangles    10, fringe vertices     4, bbox [-0.66 -1.25 0.66 0.59]
bucket   12: vertices     8, triangles    10, fringe vertices     4, bbox [-0.61 -1.17 0.61 0.53]
bucket   16: vertices     8, triangles    10, fringe vertices     4, bbox [-0.58 -1.12 0.58 0.50]
bucket   24: vertices     8, triangles    10, fringe vertices     4, bbox [-0.55 -1.08 0.55 0.46]
bucket   32: vertices     8, triangles    10, fringe vertices     4, bbox [-0.54 -1.06 0.54 0.45]
bucket   48: vertices     8, triangles    10, fringe vertices     4, bbox [-0.53 -1.04 0.53 0.43]
bucket   64: vertices     8, triangles    10, fringe vertices     4, bbox [-0.52 -1.03 0.52 0.42]
