---
source: crates/gt-ionex/tests/storm_grading.rs
expression: report
---
europe-mid-latitude
  2024-05-06  12:00 UTC, DTEC -0.154, -30 % of the median, moderate ionospheric disturbance (W = -2), no storm grade
  2024-05-07  02:00 UTC, DTEC -0.082, -17 % of the median, moderate ionospheric disturbance (W = -2), no storm grade
  2024-05-08  22:00 UTC, DTEC +0.059, +15 % of the median, moderate ionospheric disturbance (W = 2), no storm grade
  2024-05-09  06:00 UTC, DTEC +0.124, +33 % of the median, moderate ionospheric disturbance (W = 2), no storm grade
  2024-05-10  20:00 UTC, DTEC -0.192, -36 % of the median, moderate ionospheric storm (W = -3), for one 2h epoch
  2024-05-11  24:00 UTC, DTEC -0.544, -71 % of the median, intense ionospheric storm (W = -4), for 24h
  2024-05-12  00:00 UTC, DTEC -0.401, -60 % of the median, intense ionospheric storm (W = -4), for 8h
north-america-mid-latitude
  2024-05-06  20:00 UTC, DTEC -0.314, -51 % of the median, intense ionospheric storm (W = -4), for 8h
  2024-05-07  00:00 UTC, DTEC -0.234, -42 % of the median, moderate ionospheric storm (W = -3), for 4h
  2024-05-08  14:00 UTC, DTEC +0.129, +35 % of the median, moderate ionospheric disturbance (W = 2), no storm grade
  2024-05-09  14:00 UTC, DTEC +0.170, +48 % of the median, moderate ionospheric storm (W = 3), for one 2h epoch
  2024-05-10  20:00 UTC, DTEC +0.265, +84 % of the median, moderate ionospheric storm (W = 3), for 2h
  2024-05-11  20:00 UTC, DTEC -0.564, -73 % of the median, intense ionospheric storm (W = -4), for 22h
  2024-05-12  04:00 UTC, DTEC -0.455, -65 % of the median, intense ionospheric storm (W = -4), for 22h
south-america-equatorial-crest
  2024-05-06  02:00 UTC, DTEC -0.309, -51 % of the median, intense ionospheric storm (W = -4), for 4h
  2024-05-07  10:00 UTC, DTEC -0.124, -25 % of the median, moderate ionospheric disturbance (W = -2), no storm grade
  2024-05-08  24:00 UTC, DTEC -0.144, -28 % of the median, moderate ionospheric disturbance (W = -2), no storm grade
  2024-05-09  02:00 UTC, DTEC -0.253, -44 % of the median, moderate ionospheric storm (W = -3), for one 2h epoch
  2024-05-10  24:00 UTC, DTEC -0.225, -40 % of the median, moderate ionospheric storm (W = -3), for 2h
  2024-05-11  06:00 UTC, DTEC -0.769, -83 % of the median, intense ionospheric storm (W = -4), for 8h
  2024-05-12  02:00 UTC, DTEC -0.371, -57 % of the median, intense ionospheric storm (W = -4), for 8h
