---
source: crates/gt-solar/src/text.rs
expression: wording
---
label: Geomagnetic activity
summary: Planetary geomagnetic activity index over the time each fix was recorded.
source caveat: Averaged over magnetometer stations worldwide, so a value describes the planet over a period, not the ionosphere above one receiver.
scale caveat: The scale is quasi logarithmic and published in thirds of a unit. Storm levels start at 5 (G1), Kp stops at 9, and Hp30 keeps climbing past it in an extreme storm.
no value caveat: No value was published for this period.
attribution: Geomagnetic index data from GFZ Potsdam, published under CC BY 4.0.
publisher: https://kp.gfz.de
license: https://creativecommons.org/licenses/by/4.0/
